QA output created by 106
 SCRATCH_DEV 204800* 102400 102400 7days 1 0 2 
 SCRATCH_DEV 204800 307200 307200 1 0 2 
