QA output created by 134
 SCRATCH_DEV 4 102400 102400 1 0 0 
 SCRATCH_DEV 4 102400 102400 4 0 0 
 SCRATCH_DEV 1028 102400 102400 5 0 0 
 SCRATCH_DEV 2052 102400 102400 6 0 0 
