QA output created by 400
*** turn off group quotas
*** umount
*** turn off project quotas
*** umount
*** turn off group/project quotas
*** umount
