QA output created by 401
*** turn off group quotas
*** done
*** turn off project quotas
*** done
*** turn off group/project quotas
*** done
