QA output created by 034
At subvol SCRATCH_MNT/snap_1
