QA output created by 038
0/5 4096 4096
0/258 4096 4096
